
> portal-lissa@0.1.0 build
> next build

   Ôû▓ Next.js 15.5.4
   - Environments: .env.local

   Creating an optimized production build ...
 Ô£ô Compiled successfully in 20.3s
   Linting and checking validity of types ...

Failed to compile.

./src/app/(app)/downloads/[scope]/[type]/[insurer]/page.tsx
24:6  Warning: React Hook useEffect has a missing dependency: 'loadData'. Either include it or remove the dependency array.  react-hooks/exhaustive-deps

./src/app/(app)/downloads/[scope]/[type]/[insurer]/[section]/page.tsx
29:6  Warning: React Hook useEffect has a missing dependency: 'loadData'. Either include it or remove the dependency array.  react-hooks/exhaustive-deps

./src/app/(app)/guides/[section]/page.tsx
27:6  Warning: React Hook useEffect has a missing dependency: 'loadData'. Either include it or remove the dependency array.  react-hooks/exhaustive-deps

./src/components/agenda/AgendaMainClient.tsx
81:6  Warning: React Hook useEffect has a missing dependency: 'loadEvents'. Either include it or remove the dependency array.  react-hooks/exhaustive-deps
95:6  Warning: React Hook useEffect has missing dependencies: 'goToNextMonth' and 'goToPreviousMonth'. Either include them or remove the dependency array.  react-hooks/exhaustive-deps

./src/components/agenda/EventDetailPanel.tsx
74:6  Warning: React Hook useEffect has a missing dependency: 'loadAttendees'. Either include it or remove the dependency array.  react-hooks/exhaustive-deps

./src/components/agenda/EventFormModal.tsx
57:6  Warning: React Hook useEffect has a missing dependency: 'loadEventData'. Either include it or remove the dependency array.  react-hooks/exhaustive-deps

./src/components/brokers/BrokerDetailClient.tsx
26:6  Warning: React Hook useEffect has a missing dependency: 'loadBroker'. Either include it or remove the dependency array.  react-hooks/exhaustive-deps

./src/components/checks/BankHistoryTab.tsx
60:6  Warning: React Hook useEffect has a missing dependency: 'loadTransfers'. Either include it or remove the dependency array.  react-hooks/exhaustive-deps

./src/components/commissions/broker/BrokerPreviewTab.tsx
99:6  Warning: React Hook useCallback has a missing dependency: 'brokerId'. Either include it or remove the dependency array.  react-hooks/exhaustive-deps

./src/components/commissions/PreviewTab.tsx
111:6  Warning: React Hook useEffect has missing dependencies: 'brokerId' and 'role'. Either include them or remove the dependency array.  react-hooks/exhaustive-deps

./src/components/commissions/YearToDateTab.tsx
33:6  Warning: React Hook useEffect has a missing dependency: 'loadYearlyData'. Either include it or remove the dependency array.  react-hooks/exhaustive-deps

./src/components/config/tabs/GeneralTab.tsx
147:17  Warning: Using `<img>` could result in slower LCP and higher bandwidth. Consider using `<Image />` from `next/image` or a custom image loader to automatically optimize images. This may incur additional usage or cost from your provider. See: https://nextjs.org/docs/messages/no-img-element  @next/next/no-img-element
177:17  Warning: Using `<img>` could result in slower LCP and higher bandwidth. Consider using `<Image />` from `next/image` or a custom image loader to automatically optimize images. This may incur additional usage or cost from your provider. See: https://nextjs.org/docs/messages/no-img-element  @next/next/no-img-element

./src/components/config/tabs/InsurersTab.tsx
113:17  Warning: Using `<img>` could result in slower LCP and higher bandwidth. Consider using `<Image />` from `next/image` or a custom image loader to automatically optimize images. This may incur additional usage or cost from your provider. See: https://nextjs.org/docs/messages/no-img-element  @next/next/no-img-element

./src/components/dashboard/AgendaWidget.tsx
18:6  Warning: React Hook useEffect has a missing dependency: 'loadEvents'. Either include it or remove the dependency array.  react-hooks/exhaustive-deps

./src/components/db/DatabaseTabs.tsx
97:17  Error: React Hook "useMemo" is called conditionally. React Hooks must be called in the exact same order in every component render. Did you accidentally call a React Hook after an early return?  react-hooks/rules-of-hooks

./src/components/delinquency/SummaryTab.tsx
35:6  Warning: React Hook useEffect has a missing dependency: 'loadData'. Either include it or remove the dependency array.  react-hooks/exhaustive-deps
45:6  Warning: React Hook useEffect has a missing dependency: 'loadSummary'. Either include it or remove the dependency array.  react-hooks/exhaustive-deps

./src/components/production/ProductionAnalyticsView.tsx
26:6  Warning: React Hook useEffect has a missing dependency: 'loadAllData'. Either include it or remove the dependency array.  react-hooks/exhaustive-deps

./src/components/production/ProductionBrokerView.tsx
45:6  Warning: React Hook useEffect has a missing dependency: 'loadData'. Either include it or remove the dependency array.  react-hooks/exhaustive-deps

./src/components/production/ProductionMatrix.tsx
73:6  Warning: React Hook useEffect has a missing dependency: 'loadProduction'. Either include it or remove the dependency array.  react-hooks/exhaustive-deps

./src/components/production/ProductionMatrixMaster.tsx
91:6  Warning: React Hook useEffect has a missing dependency: 'loadProduction'. Either include it or remove the dependency array.  react-hooks/exhaustive-deps

./src/components/shared/SearchModal.tsx
51:6  Warning: React Hook useEffect has a missing dependency: 'handleSearch'. Either include it or remove the dependency array.  react-hooks/exhaustive-deps

./src/components/shell/AccountMenu.tsx
48:11  Warning: Using `<img>` could result in slower LCP and higher bandwidth. Consider using `<Image />` from `next/image` or a custom image loader to automatically optimize images. This may incur additional usage or cost from your provider. See: https://nextjs.org/docs/messages/no-img-element  @next/next/no-img-element

info  - Need to disable some ESLint rules? Learn more here: https://nextjs.org/docs/app/api-reference/config/eslint#disabling-rules
