
> portal-lissa@0.1.0 typecheck
> tsc --noEmit --pretty false

src/app/(app)/config/mapeos/page.tsx(39,36): error TS18047: 'insurers' is possibly 'null'.
src/app/api/config/mappings/[insurerId]/route.ts(256,27): error TS2304: Cannot find name 'admin'.
src/lib/defaultMappings.ts(1,10): error TS2459: Module '"./mappings"' declares 'InsurerMapping' locally, but it is not exported.
src/lib/importers.ts(10,3): error TS2305: Module '"./normalizer"' has no exported member 'normalizeRowByConfig'.
src/lib/importers.ts(13,3): error TS2724: '"./types/importing"' has no exported member named 'Normalized'. Did you mean 'NormalizedRow'?
src/lib/importers.ts(14,3): error TS2724: '"./types/importing"' has no exported member named 'NormalizedDelinquency'. Did you mean 'NormalizedDelinquencyRow'?
src/lib/importers.ts(15,3): error TS2305: Module '"./types/importing"' has no exported member 'RowObj'.
src/lib/importers.ts(158,44): error TS2345: Argument of type 'DelinquencyRule[]' is not assignable to parameter of type 'MappingSnapshot'.
  Type 'DelinquencyRule[]' is missing the following properties from type 'MappingSnapshot': insurer, mapping, rules, delinquency
src/lib/runtimeNormalizer.ts(1,10): error TS2459: Module '"./mappings"' declares 'MappingRule' locally, but it is not exported.
